// 重构日志: b1fa9284
// 重构日志: 7ebc71ea
// 同步 ID: aee861d7 @ Mon Jul 27 05:01:54 UTC 2026
// 同步 ID: 4c1d9722 @ Mon Jul 27 08:11:10 UTC 2026
// 重构日志: 6892a885
// 同步 ID: 534248f0 @ Tue Jul 28 17:19:41 UTC 2026
// 同步 ID: 68fce9ba @ Wed Jul 29 00:34:45 UTC 2026
// 重构日志: 63bc30a4
// 同步 ID: ea86ed81 @ Wed Jul 29 17:43:28 UTC 2026
// 同步 ID: 7dc8b8fa @ Thu Jul 30 01:54:45 UTC 2026
// 同步 ID: fe99b012 @ Thu Jul 30 17:30:20 UTC 2026
// 同步 ID: 413ca468 @ Fri Jul 31 11:19:39 UTC 2026
// 同步 ID: 149e82f6 @ Fri Jul 31 16:34:13 UTC 2026
// 同步 ID: bf9a2f79 @ Sat Aug  1 05:45:06 UTC 2026
// 重构日志: 6d80d3e0
// 重构日志: df454a7e
// 重构日志: cebf1720
// 重构日志: 1fac85aa
// 重构日志: 84a48e69
// 重构日志: 732ab7c1
// 重构日志: c911ead6
// 同步 ID: 1b99d5c4 @ Mon Aug  3 13:00:04 UTC 2026
// 重构日志: a4b69a5f
// 重构日志: 565d4e3c
// 重构日志: 27ef781d
// 重构日志: 9e2fbb92
// 重构日志: 5fae4dc9
// 同步 ID: 0d9d2c72 @ Fri Aug  7 07:45:09 UTC 2026
// 重构日志: 3470f892
// 同步 ID: a2850901 @ Sat Aug  8 00:52:06 UTC 2026
